// Jest Snapshot v1, https://goo.gl/fbAQLP

exports[`matches snapshot 1`] = `
<DocumentFragment>
  <div
    class="TodoList"
  >
    <h1>
      React Todo List
    </h1>
    <form
      class="NewTodoForm"
    >
      <span
        class="NewTodoForm-inputGroup"
      >
        <label
          for="todo"
        >
          Todo: 
        </label>
        <input
          id="todo"
          name="todo"
          placeholder="Something that needs to get done"
          type="text"
          value=""
        />
      </span>
      <span
        class="NewTodoForm-button"
      >
        <button>
          Add
        </button>
      </span>
    </form>
    <ol>
      <li
        class="Todo"
      >
        Make first todo!
        <span
          class="Todo-delete"
        >
          X
        </span>
      </li>
    </ol>
  </div>
</DocumentFragment>
`;
